src/camelMixed.php:2 PhanPluginPossibleTypoStringLiteral Saw an invalid word "Acutally" (Did you mean "Actually"?)
src/casing.php:2 PhanPluginPossibleTypoStringLiteral Saw an invalid word "WONT" (Did you mean "WON'T" or "WONT"?)
src/casing.php:3 PhanPluginPossibleTypoStringLiteral Saw an invalid word "Acutally" (Did you mean "Actually"?)
src/comment.php:2 PhanPluginPossibleTypoComment Saw an invalid word "commnent" (Did you mean "comment"?)
src/comment.php:4 PhanPluginPossibleTypoComment Saw an invalid word "Parmeter" (Did you mean "Parameter"?)
src/comment.php:6 PhanPluginPossibleTypoComment Saw an invalid word "should'nt" (Did you mean "shouldn't"?)
src/comment.php:7 PhanPluginPossibleTypoStringLiteral Saw an invalid word "mispelled" (Did you mean "misspelled"?)
src/comment.php:8 PhanPluginPossibleTypoStringLiteral Saw an invalid word "sring" (Did you mean "string"?)
src/comment.php:9 PhanPluginPossibleTypoStringLiteral Saw an invalid word "was'nt" (Did you mean "wasn't"?)
src/comments.php:3 PhanPluginPossibleTypoComment Saw an invalid word "iff" (Did you mean "if"? : not always fixable: disabled due to valid mathematical concept)
src/comments.php:5 PhanPluginPossibleTypoToken Saw an invalid word "iff" (Did you mean "if"? : not always fixable: disabled due to valid mathematical concept)
src/html.php:3 PhanPluginPossibleTypoInlineHTML Saw an invalid word "Acutally" (Did you mean "Actually"?)
src/html.php:7 PhanPluginPossibleTypoStringLiteral Saw an invalid word "Acutally" (Did you mean "Actually"?)
src/ignored.php:6 PhanPluginPossibleTypoStringLiteral Saw an invalid word "optin" (Did you mean "option"?)
src/invalid_constant_suggestion.php:6 PhanPluginPossibleTypoStringLiteral Saw an invalid word "DONT" (Did you mean "DON'T"? : not always fixable: disabled because of var names)
src/invalid_constant_suggestion.php:8 PhanPluginPossibleTypoStringLiteral Saw an invalid word "Reenabled" (Did you mean "Re-enabled"?)
src/multiline_typo.php:3 PhanPluginPossibleTypoGettext Call to gettext() was passed an invalid word "invlaid" in "\n\n\ninvlaid text" (Did you mean "invalid"?)
src/multiline_typo.php:3 PhanPluginPossibleTypoStringLiteral Saw an invalid word "invlaid" (Did you mean "invalid"?)
src/multiline_typo.php:5 PhanPluginPossibleTypoGettext Call to gettext() was passed an invalid word "INVLAID" in "\n\n\nINVLAID text\n    Invlaid" (Did you mean "INVALID"?)
src/multiline_typo.php:5 PhanPluginPossibleTypoGettext Call to gettext() was passed an invalid word "Invlaid" in "\n\n\nINVLAID text\n    Invlaid" (Did you mean "Invalid"?)
src/multiline_typo.php:5 PhanPluginPossibleTypoStringLiteral Saw an invalid word "INVLAID" (Did you mean "INVALID"?)
src/multiline_typo.php:6 PhanPluginPossibleTypoStringLiteral Saw an invalid word "Invlaid" (Did you mean "Invalid"?)
src/multiline_typo.php:13 PhanPluginPossibleTypoGettext Call to gettext() was passed an invalid word "wasn" in "\n\n'wasn' is a typo" (Did you mean "wasn't" or "was"?)
src/multiline_typo.php:14 PhanPluginPossibleTypoStringLiteral Saw an invalid word "wasn" (Did you mean "wasn't" or "was"?)
src/string_check.php:2 PhanPluginPossibleTypoVariable Saw an invalid word "Inalid" (Did you mean "Invalid"?)
src/string_check.php:3 PhanPluginPossibleTypoVariable Saw an invalid word "Inalid" (Did you mean "Invalid"?)
src/string_check.php:4 PhanPluginPossibleTypoVariable Saw an invalid word "INALID" (Did you mean "INVALID"?)
src/string_check.php:5 PhanPluginPossibleTypoVariable Saw an invalid word "INALID" (Did you mean "INVALID"?)
src/string_check.php:6 PhanPluginPossibleTypoToken Saw an invalid word "inalid" (Did you mean "invalid"?)
src/string_check.php:6 PhanPluginPossibleTypoVariable Saw an invalid word "varible" (Did you mean "variable"?)
src/string_check.php:8 PhanPluginPossibleTypoToken Saw an invalid word "inalid" (Did you mean "invalid"?)
src/string_check.php:9 PhanPluginPossibleTypoToken Saw an invalid word "Inalid" (Did you mean "Invalid"?)
src/string_check.php:11 PhanPluginPossibleTypoComment Saw an invalid word "inalid" (Did you mean "invalid"?)
src/typo.php:2 PhanPluginPossibleTypoGettext Call to gettext() was passed an invalid word "invlaid" in 'invlaid text' (Did you mean "invalid"?)
src/typo.php:2 PhanPluginPossibleTypoStringLiteral Saw an invalid word "invlaid" (Did you mean "invalid"?)
src/typo.php:4 PhanPluginPossibleTypoGettext Call to gettext() was passed an invalid word "wasn" in '\'wasn\' is a typo' (Did you mean "wasn't" or "was"?)
src/typo.php:4 PhanPluginPossibleTypoStringLiteral Saw an invalid word "wasn" (Did you mean "wasn't" or "was"?)
